// Vitest Snapshot v1, https://vitest.dev/guide/snapshot.html

exports[`AlertDialog > Snapshots > matches default snapshot 1`] = `
<button
  aria-controls="radix-«r0»"
  aria-expanded="true"
  aria-haspopup="dialog"
  data-state="open"
  data-testid="alert-trigger"
  type="button"
>
  Open Alert
</button>
`;
