// Vitest Snapshot v1, https://vitest.dev/guide/snapshot.html

exports[`RadioGroup > Snapshots > matches default snapshot 1`] = `
<div
  class="radioGroup__container"
>
  <div
    aria-required="false"
    class="radioGroup__root"
    data-testid="radiogroup"
    dir="ltr"
    id="«r0»"
    role="radiogroup"
    style="outline: none;"
    tabindex="-1"
  >
    Test content
  </div>
</div>
`;
