// Vitest Snapshot v1, https://vitest.dev/guide/snapshot.html

exports[`SimpleChart > Snapshots > matches bar type snapshot 1`] = `
<div
  class="simple-chart__bar-container "
>
  <div
    class="simple-chart__bar-item"
  >
    <div
      class="simple-chart__bar-header"
    >
      <span
        class="simple-chart__bar-label"
      >
        Jan
      </span>
      <span
        class="simple-chart__bar-value"
      >
        400
      </span>
    </div>
    <div
      class="simple-chart__bar-track"
    >
      <div
        class="simple-chart__bar-progress"
        style="width: 80%; background-color: hsl(var(--surface-interactive));"
      />
    </div>
  </div>
  <div
    class="simple-chart__bar-item"
  >
    <div
      class="simple-chart__bar-header"
    >
      <span
        class="simple-chart__bar-label"
      >
        Feb
      </span>
      <span
        class="simple-chart__bar-value"
      >
        300
      </span>
    </div>
    <div
      class="simple-chart__bar-track"
    >
      <div
        class="simple-chart__bar-progress"
        style="width: 60%; background-color: hsl(var(--surface-interactive));"
      />
    </div>
  </div>
  <div
    class="simple-chart__bar-item"
  >
    <div
      class="simple-chart__bar-header"
    >
      <span
        class="simple-chart__bar-label"
      >
        Mar
      </span>
      <span
        class="simple-chart__bar-value"
      >
        500
      </span>
    </div>
    <div
      class="simple-chart__bar-track"
    >
      <div
        class="simple-chart__bar-progress"
        style="width: 100%; background-color: hsl(var(--surface-interactive));"
      />
    </div>
  </div>
  <div
    class="simple-chart__bar-item"
  >
    <div
      class="simple-chart__bar-header"
    >
      <span
        class="simple-chart__bar-label"
      >
        Apr
      </span>
      <span
        class="simple-chart__bar-value"
      >
        280
      </span>
    </div>
    <div
      class="simple-chart__bar-track"
    >
      <div
        class="simple-chart__bar-progress"
        style="width: 56.00000000000001%; background-color: hsl(var(--surface-interactive));"
      />
    </div>
  </div>
  <div
    class="simple-chart__bar-item"
  >
    <div
      class="simple-chart__bar-header"
    >
      <span
        class="simple-chart__bar-label"
      >
        May
      </span>
      <span
        class="simple-chart__bar-value"
      >
        390
      </span>
    </div>
    <div
      class="simple-chart__bar-track"
    >
      <div
        class="simple-chart__bar-progress"
        style="width: 78%; background-color: hsl(var(--surface-interactive));"
      />
    </div>
  </div>
</div>
`;

exports[`SimpleChart > Snapshots > matches default snapshot 1`] = `
<div
  class="simple-chart__bar-container "
>
  <div
    class="simple-chart__bar-item"
  >
    <div
      class="simple-chart__bar-header"
    >
      <span
        class="simple-chart__bar-label"
      >
        Jan
      </span>
      <span
        class="simple-chart__bar-value"
      >
        400
      </span>
    </div>
    <div
      class="simple-chart__bar-track"
    >
      <div
        class="simple-chart__bar-progress"
        style="width: 80%; background-color: hsl(var(--surface-interactive));"
      />
    </div>
  </div>
  <div
    class="simple-chart__bar-item"
  >
    <div
      class="simple-chart__bar-header"
    >
      <span
        class="simple-chart__bar-label"
      >
        Feb
      </span>
      <span
        class="simple-chart__bar-value"
      >
        300
      </span>
    </div>
    <div
      class="simple-chart__bar-track"
    >
      <div
        class="simple-chart__bar-progress"
        style="width: 60%; background-color: hsl(var(--surface-interactive));"
      />
    </div>
  </div>
  <div
    class="simple-chart__bar-item"
  >
    <div
      class="simple-chart__bar-header"
    >
      <span
        class="simple-chart__bar-label"
      >
        Mar
      </span>
      <span
        class="simple-chart__bar-value"
      >
        500
      </span>
    </div>
    <div
      class="simple-chart__bar-track"
    >
      <div
        class="simple-chart__bar-progress"
        style="width: 100%; background-color: hsl(var(--surface-interactive));"
      />
    </div>
  </div>
  <div
    class="simple-chart__bar-item"
  >
    <div
      class="simple-chart__bar-header"
    >
      <span
        class="simple-chart__bar-label"
      >
        Apr
      </span>
      <span
        class="simple-chart__bar-value"
      >
        280
      </span>
    </div>
    <div
      class="simple-chart__bar-track"
    >
      <div
        class="simple-chart__bar-progress"
        style="width: 56.00000000000001%; background-color: hsl(var(--surface-interactive));"
      />
    </div>
  </div>
  <div
    class="simple-chart__bar-item"
  >
    <div
      class="simple-chart__bar-header"
    >
      <span
        class="simple-chart__bar-label"
      >
        May
      </span>
      <span
        class="simple-chart__bar-value"
      >
        390
      </span>
    </div>
    <div
      class="simple-chart__bar-track"
    >
      <div
        class="simple-chart__bar-progress"
        style="width: 78%; background-color: hsl(var(--surface-interactive));"
      />
    </div>
  </div>
</div>
`;

exports[`SimpleChart > Snapshots > matches pie type snapshot 1`] = `
<div
  class="simple-chart__pie-container "
>
  <div
    class="simple-chart__pie-item"
  >
    <div
      class="simple-chart__pie-label-group"
    >
      <div
        class="simple-chart__pie-indicator"
        style="background-color: rgb(217, 38, 38);"
      />
      <span
        class="simple-chart__pie-label"
      >
        Jan
      </span>
    </div>
    <span
      class="simple-chart__pie-value"
    >
      400
       (
      21
      %)
    </span>
  </div>
  <div
    class="simple-chart__pie-item"
  >
    <div
      class="simple-chart__pie-label-group"
    >
      <div
        class="simple-chart__pie-indicator"
        style="background-color: rgb(217, 217, 38);"
      />
      <span
        class="simple-chart__pie-label"
      >
        Feb
      </span>
    </div>
    <span
      class="simple-chart__pie-value"
    >
      300
       (
      16
      %)
    </span>
  </div>
  <div
    class="simple-chart__pie-item"
  >
    <div
      class="simple-chart__pie-label-group"
    >
      <div
        class="simple-chart__pie-indicator"
        style="background-color: rgb(38, 217, 38);"
      />
      <span
        class="simple-chart__pie-label"
      >
        Mar
      </span>
    </div>
    <span
      class="simple-chart__pie-value"
    >
      500
       (
      27
      %)
    </span>
  </div>
  <div
    class="simple-chart__pie-item"
  >
    <div
      class="simple-chart__pie-label-group"
    >
      <div
        class="simple-chart__pie-indicator"
        style="background-color: rgb(38, 217, 217);"
      />
      <span
        class="simple-chart__pie-label"
      >
        Apr
      </span>
    </div>
    <span
      class="simple-chart__pie-value"
    >
      280
       (
      15
      %)
    </span>
  </div>
  <div
    class="simple-chart__pie-item"
  >
    <div
      class="simple-chart__pie-label-group"
    >
      <div
        class="simple-chart__pie-indicator"
        style="background-color: rgb(38, 38, 217);"
      />
      <span
        class="simple-chart__pie-label"
      >
        May
      </span>
    </div>
    <span
      class="simple-chart__pie-value"
    >
      390
       (
      21
      %)
    </span>
  </div>
</div>
`;
