// Vitest Snapshot v1, https://vitest.dev/guide/snapshot.html

exports[`Separator > Snapshots > matches active state snapshot 1`] = `
<div
  class="separator separator--horizontal separator--spacing-default separator--with-text"
>
  <span
    class="separator__text"
  >
    Test content
  </span>
</div>
`;

exports[`Separator > Snapshots > matches default snapshot 1`] = `
<div
  class="separator separator--horizontal separator--spacing-default separator--with-text"
>
  <span
    class="separator__text"
  >
    Test content
  </span>
</div>
`;
