// Vitest Snapshot v1, https://vitest.dev/guide/snapshot.html

exports[`Table > Snapshots > matches default snapshot 1`] = `
<div
  class="relative w-full overflow-auto"
  data-testid="table"
>
  <table
    class="w-full caption-bottom text-sm"
  >
    Test content
  </table>
</div>
`;

exports[`Table > Snapshots > matches hover state snapshot 1`] = `
<div
  class="relative w-full overflow-auto"
  data-testid="table"
>
  <table
    class="w-full caption-bottom text-sm"
  >
    Test content
  </table>
</div>
`;

exports[`Table > Snapshots > matches selected state snapshot 1`] = `
<div
  class="relative w-full overflow-auto"
  data-testid="table"
>
  <table
    class="w-full caption-bottom text-sm"
  >
    Test content
  </table>
</div>
`;
