// Vitest Snapshot v1, https://vitest.dev/guide/snapshot.html

exports[`Alert > Snapshots > matches default snapshot 1`] = `
<div
  class="relative w-full rounded-lg border px-4 py-3 text-sm [&>svg+div]:translate-y-[-3px] [&>svg]:absolute [&>svg]:left-4 [&>svg]:top-4 [&>svg]:text-foreground [&>svg~*]:pl-7 bg-background text-foreground alert"
  data-testid="alert"
  role="alert"
>
  Test content
</div>
`;

exports[`Alert > Snapshots > matches hover state snapshot 1`] = `
<div
  class="relative w-full rounded-lg border px-4 py-3 text-sm [&>svg+div]:translate-y-[-3px] [&>svg]:absolute [&>svg]:left-4 [&>svg]:top-4 [&>svg]:text-foreground [&>svg~*]:pl-7 bg-background text-foreground alert"
  data-testid="alert"
  role="alert"
>
  Test content
</div>
`;
