// Vitest Snapshot v1, https://vitest.dev/guide/snapshot.html

exports[`Checkbox > Snapshots > matches default snapshot 1`] = `
<button
  aria-checked="false"
  class="peer h-4 w-4 shrink-0 rounded-sm border border-primary shadow focus-visible:outline-none focus-visible:ring-1 focus-visible:ring-ring disabled:cursor-not-allowed disabled:opacity-50 data-[state=checked]:bg-primary data-[state=checked]:text-primary-foreground checkbox"
  data-state="unchecked"
  role="checkbox"
  type="button"
  value="on"
/>
`;
