// Vitest Snapshot v1, https://vitest.dev/guide/snapshot.html

exports[`Badge > Snapshots > matches default snapshot 1`] = `
<div
  class="inline-flex items-center rounded-md border font-semibold transition-colors focus:outline-none focus:ring-2 focus:ring-ring focus:ring-offset-2 border-transparent bg-primary text-primary-foreground shadow hover:bg-primary/80 px-2.5 py-0.5 text-xs"
  data-testid="badge"
>
  Test content
</div>
`;

exports[`Badge > Snapshots > matches hover state snapshot 1`] = `
<div
  class="inline-flex items-center rounded-md border font-semibold transition-colors focus:outline-none focus:ring-2 focus:ring-ring focus:ring-offset-2 border-transparent bg-primary text-primary-foreground shadow hover:bg-primary/80 px-2.5 py-0.5 text-xs"
  data-testid="badge"
>
  Test content
</div>
`;
