// Vitest Snapshot v1, https://vitest.dev/guide/snapshot.html

exports[`Badge > Snapshots > matches default snapshot 1`] = `
<div
  class="badge badge--default badge--default"
  data-testid="badge"
>
  Test content
</div>
`;

exports[`Badge > Snapshots > matches hover state snapshot 1`] = `
<div
  class="badge badge--default badge--default"
  data-testid="badge"
>
  Test content
</div>
`;
