// Vitest Snapshot v1, https://vitest.dev/guide/snapshot.html

exports[`AspectRatio > Snapshots > matches default snapshot 1`] = `
<div
  data-radix-aspect-ratio-wrapper=""
  style="position: relative; width: 100%; padding-bottom: 100%;"
>
  <div
    data-testid="aspectratio"
    style="position: absolute; top: 0px; right: 0px; bottom: 0px; left: 0px;"
  >
    Test content
  </div>
</div>
`;
